Skipping dependency validation in offline mode
Error while reading cache, falling back to a full crawl:
 Error: Unable to deserialize cloned data.
    at deserialize (node:v8:402:14)
    at DiskCacheManager.read (C:\Users\Amen\mekina\car-auction-mvp\mobile\node_modules\metro-file-map\src\cache\DiskCacheManager.js:60:33)
    at FileMap.read (C:\Users\Amen\mekina\car-auction-mvp\mobile\node_modules\metro-file-map\src\index.js:284:14)
    at C:\Users\Amen\mekina\car-auction-mvp\mobile\node_modules\metro-file-map\src\index.js:202:25
    at DependencyGraph.ready (C:\Users\Amen\mekina\car-auction-mvp\mobile\node_modules\metro\src\node-haste\DependencyGraph.js:88:5)
    at Bundler.ready (C:\Users\Amen\mekina\car-auction-mvp\mobile\node_modules\metro\src\Bundler.js:62:5)
    at IncrementalBundler.ready (C:\Users\Amen\mekina\car-auction-mvp\mobile\node_modules\metro\src\IncrementalBundler.js:302:5)
    at Server.ready (C:\Users\Amen\mekina\car-auction-mvp\mobile\node_modules\metro\src\Server.js:1305:5)
Failed to construct transformer:  Error: spawn EPERM
    at ChildProcess.spawn (node:internal/child_process:420:11)
    at spawn (node:child_process:762:9)
    at fork (node:child_process:172:10)
    at ChildProcessWorker.initialize (C:\Users\Amen\mekina\car-auction-mvp\mobile\node_modules\jest-worker\build\workers\ChildProcessWorker.js:144:45)
    at new ChildProcessWorker (C:\Users\Amen\mekina\car-auction-mvp\mobile\node_modules\jest-worker\build\workers\ChildProcessWorker.js:100:10)
    at WorkerPool.createWorker (C:\Users\Amen\mekina\car-auction-mvp\mobile\node_modules\jest-worker\build\WorkerPool.js:30:12)
    at new BaseWorkerPool (C:\Users\Amen\mekina\car-auction-mvp\mobile\node_modules\jest-worker\build\base\BaseWorkerPool.js:55:27)
    at new WorkerPool (C:\Users\Amen\mekina\car-auction-mvp\mobile\node_modules\jest-worker\build\WorkerPool.js:18:1)
    at new Worker (C:\Users\Amen\mekina\car-auction-mvp\mobile\node_modules\jest-worker\build\index.js:141:26)
    at WorkerFarm._makeFarm (C:\Users\Amen\mekina\car-auction-mvp\mobile\node_modules\metro\src\DeltaBundler\WorkerFarm.js:70:12) {
  errno: -4048,
  code: 'EPERM',
  syscall: 'spawn'
}
